  Editing Skill: Test

  Description
  ╭──────────────────────────────────────────────────────────────────────────╮
  │┃   1 Test Description                                                    │
  │┃                                                                         │
  ╰──────────────────────────────────────────────────────────────────────────╯
  Scope
  ┃   1 project                                                             
  Content (SKILL.md)
  ┃   1 Content (SKILL.md)                                                  
  ┃                                                                         
  ┃                                                                         
  ┃                                                                         
  ┃                                                                         
  ┃                                                                         
  ┃                                                                         

esc  : back     |   tab  : switch field     |   ctrl+s  : save (desc/scope/content)  