  Editing Skill: Test

> ┃   1 Test Description                                                      
┃                                                                           
┃                                                                           
┃                                                                           
┃                                                                           
┃                                                                           
  ┃   1 project                                                               
┃                                                                           
┃                                                                           
┃                                                                           
┃                                                                           
┃                                                                           

  esc: back | tab: switch field | ctrl+s: save (desc/scope)  