                                                    
                                                    
    1 item                                          
                                                    
                                                    
                                                    
                                                    
    ↑/k up • ↓/j down • / filter • q quit • ? more  
                                                    
esc/q  : back     |   enter  : preview     |   d  : delete skill     |   o  : open folder