┌────────────────────┐                          │    
│ > Search skills... │                          │    
└────────────────────┘                          │    
                                                │    
  1 item                                        │    
                                                │    
                                                │    
                                                │    
                                                │    
  ↑/k up • ↓/j down • / filter • q quit • ? more│    
q  : quit     |   enter  : actions     |   v  : preview     |   e  : edit skill     |   s  : save globally     |   y  : sync     |   d  : delete skill     |   o  : open folder