                                │                                                
  1 item                        │                                                
                                │                                                
                                │                                                
                                │                                                
                                │                                                
  ↑/k up • ↓/j down • / filter •│                                                
q quit • ? more                 │                                                